==BEGIN DUMP_ARRAYS==
begin dump: U
223.07 226.98 230.89 234.80 238.71 242.62 246.53 250.44 254.35 253.77 253.21 252.68 252.15 251.65 251.17 250.70 250.25 249.82 249.41 249.01 
248.62 248.25 247.90 247.56 247.23 246.92 246.62 246.34 246.07 245.81 245.56 245.32 245.10 244.88 244.68 244.48 244.30 244.13 243.96 243.80 
243.66 243.52 243.38 243.26 243.14 243.02 242.92 242.82 242.72 242.63 242.55 242.46 242.39 242.31 242.24 242.17 242.11 242.04 241.98 241.92 
241.86 241.80 241.74 241.68 241.62 241.56 241.50 241.44 241.37 241.30 241.23 241.16 241.08 241.00 240.91 240.82 240.73 240.62 240.52 240.41 
240.29 240.16 240.03 239.89 239.74 239.58 239.42 239.24 239.06 238.86 238.66 238.45 238.22 237.99 237.74 237.48 237.20 236.92 236.62 236.31 
235.98 235.65 235.29 234.92 234.54 234.14 233.72 233.29 232.84 232.37 231.89 231.39 230.87 230.33 229.77 229.19 228.60 227.98 227.34 226.69 
226.01 225.31 224.58 223.84 
end   dump: U
==END   DUMP_ARRAYS==