==BEGIN DUMP_ARRAYS==
begin dump: y
0.45 0.43 0.40 0.36 0.32 0.27 0.21 0.16 0.10 0.04 -0.03 -0.09 -0.15 -0.20 -0.26 -0.31 -0.35 -0.39 -0.42 -0.45 
-0.47 -0.48 -0.48 -0.47 -0.46 -0.44 -0.41 -0.38 -0.34 -0.29 -0.24 -0.18 -0.12 -0.06 -0.00 0.06 0.12 0.18 0.24 0.29 
0.33 0.38 0.41 0.44 0.46 0.47 0.48 0.48 0.47 0.45 0.42 0.39 0.35 0.31 0.26 0.21 0.15 0.09 0.03 -0.03 
-0.10 -0.16 -0.21 -0.27 -0.31 -0.36 -0.40 -0.43 -0.45 -0.47 -0.48 -0.48 -0.47 -0.46 -0.44 -0.41 -0.37 -0.33 -0.28 -0.23 
-0.17 -0.11 -0.05 0.01 0.07 0.13 0.19 0.24 0.29 0.34 0.38 0.42 0.44 0.46 0.48 0.48 0.48 0.47 0.45 0.42 
0.39 0.35 0.30 0.25 0.20 0.14 0.08 0.02 -0.04 -0.11 -0.16 -0.22 -0.27 -0.32 -0.37 -0.40 -0.43 -0.46 -0.47 -0.48 
end   dump: y
==END   DUMP_ARRAYS==