==BEGIN DUMP_ARRAYS==
begin dump: y
1.93 77.74 69.01 66.74 64.54 62.70 61.36 62.04 61.98 58.22 57.33 61.01 59.68 61.70 60.87 53.30 60.78 60.31 51.07 60.40 
56.33 60.80 59.08 61.77 59.20 59.50 60.72 56.60 59.84 58.67 42.58 61.94 60.82 61.04 60.54 59.10 50.53 60.64 59.78 60.80 
55.53 59.31 57.58 58.50 56.28 32.30 63.98 61.61 59.68 60.80 56.33 60.50 60.48 59.47 50.53 59.50 59.72 60.26 59.44 58.17 
42.28 61.44 60.42 56.60 59.54 59.10 58.06 58.34 61.17 60.50 55.53 59.71 49.99 59.80 59.47 51.80 59.38 58.41 57.58 59.10 
54.53 54.98 58.28 58.07 55.90 55.90 55.72 54.56 51.24 42.37 
end   dump: y
==END   DUMP_ARRAYS==